// Jest Snapshot v1, https://goo.gl/fbAQLP

exports[`Deck.vue renders correctly 1`] = `
<div
  id="mapbox-container"
>
  <div
    class=""
    id="map"
  />
   
  <canvas
    id="deckgl-overlay"
  />
   
  <!---->
   
  <!---->
   
  <!---->
   
  <!---->
   
  <!---->
</div>
`;
